// Jest Snapshot v1, https://goo.gl/fbAQLP

exports[`drawer renders 1`] = `
<ix-drawer class="hydrated sc-ix-drawer-h sc-ix-drawer-s">
  <!---->
  <div class="d-none drawer-container sc-ix-drawer" data-testid="container" id="div-container">
    <div class="header sc-ix-drawer sc-ix-drawer-s">
      <ix-icon-button class="hydrated sc-ix-drawer sc-ix-icon-button-h sc-ix-icon-button-s" data-testid="close-button">
        <!---->
        <button class="btn btn-icon btn-invisible-secondary sc-ix-icon-button" style="color: inherit;">
          <ix-icon class="hydrated sc-ix-icon-button sc-ix-icon-h sc-ix-icon-s size-24" name="close" style="color: inherit;">
            <!---->
            <i class="glyph glyph-24 glyph-close sc-ix-icon sc-ix-icon-s"></i>
          </ix-icon>
          <div class="sc-ix-icon-button sc-ix-icon-button-s" style="display: none;"></div>
        </button>
      </ix-icon-button>
    </div>
    <div class="content sc-ix-drawer sc-ix-drawer-s"></div>
  </div>
</ix-drawer>
`;
