// Jest Snapshot v1, https://goo.gl/fbAQLP

exports[`cw-drawer renders 1`] = `
<cw-drawer>
  <!---->
  <div class="d-none drawer-container" data-testid="container" id="div-container" style="width: 16rem; min-width: 16rem; max-width: 28rem;">
    <div class="header">
      <div class="header-content"></div>
      <cw-icon-button data-testid="close-button" icon="close" ghost="" size="24"></cw-icon-button>
    </div>
    <div class="content"></div>
  </div>
</cw-drawer>
`;
